WIDTH 120
HEIGHT 100

########################################################################################################################
########################################################################################################################
###########################################..................................###########################################
###########################################..................................###########################################
###########################################..................................###########################################
###########################################..................................###########################################
###########################################..................................###########################################
###########################################..................................###########################################
###########################################..................................###########################################
###########################################..................................###########################################
###########################################..................................###########################################
###########################################..................................###########################################
###########################################..................................###########################################
###########################################..................................###########################################
###########################################..................................###########################################
###########################################.................T................###########################################
###########################################..................................###########################################
###########################################..................................###########################################
###########################################..................................###########################################
###########################################..................................###########################################
###########################################..................................###########################################
###########################################..................................###########################################
###########################################..................................###########################################
###########################################..................................###########################################
###########################################..................................###########################################
###########################################..................................###########################################
###########################################..................................###########################################
###########################################..................................###########################################
###########################################..................................###########################################
###########################################..................................###########################################
#####................................######..................................########..............................#####
#####................................######..................................########..............................#####
#####................................######..................................########..............................#####
#####................................######..................................########..............................#####
#####................................######..................................########..............................#####
#####................................######..................................########..............................#####
#####................................######..................................########..............................#####
#####................................######..................................########..............................#####
#####................................######..................................########..............................#####
#####................................######..................................########..............................#####
#####................................######..................................########..............................#####
#####................................######..................................########..............................#####
#####................................######..................................########..............................#####
#####................................######..................................########..............................#####
#####................................######..................................########..............................#####
#####...............M................######..................................########...............A..............#####
#####................................######..................................########..............................#####
#####.......................................................C......................................................#####
#####..............................................................................................................#####
#####..............................................................................................................#####
#####..............................................................................................................#####
#####..............................................................................................................#####
#####..............................................................................................................#####
#####................................######..................................########..............................#####
#####................................######..................................########..............................#####
#####................................######..................................########..............................#####
#####................................######..................................########..............................#####
#####................................######..................................########..............................#####
#####................................######..................................########..............................#####
#####................................######..................................########..............................#####
#####................................######..................................###########################################
#####................................######..................................###########################################
###########################################..................................###########################################
###########################################..................................###########################################
############################################################......######################################################
#####..................................####..................................########................................###
#####..................................####..................................########................................###
#####..................................####..................................########................................###
#####..................................####..................................########................................###
#####..................................####..................................########................................###
#####..................................####..................................########................................###
#####..................................####..................................########................................###
#####..................................####..................................########................................###
#####..................................####..................................########................................###
#####..................................####..................................########................................###
#####..................................#........................................#####................................###
#####..................................#........................................#####................................###
#####..................................#........................................#####................................###
#####..................................#........................................#####................................###
#####..................................#........................................#####................................###
#####...............S...............................................................................F................###
#####................................................................................................................###
#####................................................................................................................###
#####................................................................................................................###
#####................................................................................................................###
#####................................................................................................................###
#####..................................#........................................#####................................###
#####..................................#........................................#####................................###
#####..................................#........................................#####................................###
#####..................................#........................................#####................................###
#####..................................#........................................#####................................###
#####..................................#........................................#####................................###
#####..................................#........................................#####................................###
#####..................................#........................................#####................................###
#####..................................#........................................#####................................###
###########################################..................................########................................###
###########################################..................................########................................###
##################################################....................##################################################
##################################################....................##################################################
##################################################....................##################################################
